// Jest Snapshot v1, https://goo.gl/fbAQLP

exports[`Render ExpenseListItem with fixture data 1`] = `
<div>
  <Link
    to="/edit/2"
  >
    <h3>
      Rent
    </h3>
    <p>
      $1,234.00
      -
      December 28th, 1969
    </p>
  </Link>
</div>
`;
