// Jest Snapshot v1, https://goo.gl/fbAQLP

exports[`should render login page correctly 1`] = `
<div
  className="box-layout"
>
  <div
    className="box-layout__box"
  >
    <h1
      className="box-layout__title"
    >
      Expensify
    </h1>
    <p>
      It's time to get your expenses under control.
    </p>
    <div
      className="box-layout__action"
    >
      <button
        className="button"
        onClick={[Function]}
      >
        Login with Google
      </button>
      <button
        className="button"
        onClick={[Function]}
      >
        Login with Facebook
      </button>
      <button
        className="button"
        onClick={[Function]}
      >
        Login with Twitter
      </button>
      <button
        className="button"
        onClick={[Function]}
      >
        Login with GitHub
      </button>
    </div>
  </div>
</div>
`;
